
public class Foo {
	
    public void foo(String[] args) {
    	System.out.println("" + (args[0]) + "");
    }
}