public class Foo {
	
	
	public static void main(String[] args) {
		String[] s = new String[]() { "One", "Two", "Three"};

		for (int i = 0; i < 3; i++)
			System.out.println("{s[i]}");
	}
}