public class Foo {
    public void foo(String[] args) {
    	String s = "Simples {args[0]}";
    }
}