public class Foo {
    public void foo(String[] args) {
    	System.out.println("" + (1+2) + "{2+3}");
    }
}