
public class Foo {
	public static String foo(String a, Integer b) {		
	}
}