
public class Foo {
	public static void handleConstraints(String[] strs) {
		String[][] constraints;
	}
}