public class Foo {
	public static void main(String[] args) {
		
		
		Foo f = new Foo() { void f () {}};
		f.f();
	}
}