public class Foo {
    public static void main(String[] args) {
		String variable = new String();
    }
}