// The original code was retrieved from https://docs.oracle.com/javase/tutorial/java/javaOO/anonymousclasses.html
public class Foo {
    public static void main(String[] args) {
		Foo foo = new Foo() {
            public void bar() {
            	 String name = new String("Baz");
                 System.out.println("Quux " + name);
            }
        };
    }
}